00:00 +0: loading C:/Users/user/AndroidStudioProjects/profit_king/test/widget_test.dart
00:00 +0: App smoke test
????EXCEPTION CAUGHT BY WIDGETS LIBRARY ????????????????????????????????????????????????????????????
The following assertion was thrown building Builder:
You must initialize the supabase instance before calling Supabase.instance
'package:supabase_flutter/src/supabase.dart':
Failed assertion: line 45 pos 7: '_instance._isInitialized'

The relevant error-causing widget was:
  MaterialApp MaterialApp:file:///C:/Users/user/AndroidStudioProjects/profit_king/lib/main.dart:21:12

When the exception was thrown, this was the stack:
#2      Supabase.instance (package:supabase_flutter/src/supabase.dart:45:7)
#3      new SupabaseService (package:profit_king/services/supabase_service.dart:5:29)
#4      new _HomeScreenState (package:profit_king/screens/home_screen.dart:16:44)
#5      HomeScreen.createState (package:profit_king/screens/home_screen.dart:12:38)
#6      new StatefulElement (package:flutter/src/widgets/framework.dart:5804:60)
#7      StatefulWidget.createElement (package:flutter/src/widgets/framework.dart:779:38)
...     Normal element mounting (228 frames)
#235    Element.inflateWidget (package:flutter/src/widgets/framework.dart:4548:16)
#236    MultiChildRenderObjectElement.inflateWidget (package:flutter/src/widgets/framework.dart:7169:36)
#237    MultiChildRenderObjectElement.mount (package:flutter/src/widgets/framework.dart:7185:32)
...     Normal element mounting (454 frames)
#691    Element.inflateWidget (package:flutter/src/widgets/framework.dart:4548:16)
#692    Element.updateChild (package:flutter/src/widgets/framework.dart:3998:20)
#693    ComponentElement.performRebuild (package:flutter/src/widgets/framework.dart:5747:16)
#694    Element.rebuild (package:flutter/src/widgets/framework.dart:5435:7)
#695    ProxyElement.update (package:flutter/src/widgets/framework.dart:6051:5)
#696    _InheritedNotifierElement.update (package:flutter/src/widgets/inherited_notifier.dart:108:11)
#697    Element.updateChild (package:flutter/src/widgets/framework.dart:3982:15)
#698    ComponentElement.performRebuild (package:flutter/src/widgets/framework.dart:5747:16)
#699    StatefulElement.performRebuild (package:flutter/src/widgets/framework.dart:5884:11)
#700    Element.rebuild (package:flutter/src/widgets/framework.dart:5435:7)
#701    StatefulElement.update (package:flutter/src/widgets/framework.dart:5909:5)
#702    Element.updateChild (package:flutter/src/widgets/framework.dart:3982:15)
#703    ComponentElement.performRebuild (package:flutter/src/widgets/framework.dart:5747:16)
#704    Element.rebuild (package:flutter/src/widgets/framework.dart:5435:7)
#705    ProxyElement.update (package:flutter/src/widgets/framework.dart:6051:5)
#706    _InheritedNotifierElement.update (package:flutter/src/widgets/inherited_notifier.dart:108:11)
#707    Element.updateChild (package:flutter/src/widgets/framework.dart:3982:15)
#708    ComponentElement.performRebuild (package:flutter/src/widgets/framework.dart:5747:16)
#709    StatefulElement.performRebuild (package:flutter/src/widgets/framework.dart:5884:11)
#710    Element.rebuild (package:flutter/src/widgets/framework.dart:5435:7)
#711    StatefulElement.update (package:flutter/src/widgets/framework.dart:5909:5)
#712    Element.updateChild (package:flutter/src/widgets/framework.dart:3982:15)
#713    ComponentElement.performRebuild (package:flutter/src/widgets/framework.dart:5747:16)
#714    StatefulElement.performRebuild (package:flutter/src/widgets/framework.dart:5884:11)
#715    Element.rebuild (package:flutter/src/widgets/framework.dart:5435:7)
#716    StatefulElement.update (package:flutter/src/widgets/framework.dart:5909:5)
#717    Element.updateChild (package:flutter/src/widgets/framework.dart:3982:15)
#718    ComponentElement.performRebuild (package:flutter/src/widgets/framework.dart:5747:16)
#719    Element.rebuild (package:flutter/src/widgets/framework.dart:5435:7)
#720    ProxyElement.update (package:flutter/src/widgets/framework.dart:6051:5)
#721    Element.updateChild (package:flutter/src/widgets/framework.dart:3982:15)
#722    ComponentElement.performRebuild (package:flutter/src/widgets/framework.dart:5747:16)
#723    StatefulElement.performRebuild (package:flutter/src/widgets/framework.dart:5884:11)
#724    Element.rebuild (package:flutter/src/widgets/framework.dart:5435:7)
#725    StatefulElement.update (package:flutter/src/widgets/framework.dart:5909:5)
#726    Element.updateChild (package:flutter/src/widgets/framework.dart:3982:15)
#727    ComponentElement.performRebuild (package:flutter/src/widgets/framework.dart:5747:16)
#728    Element.rebuild (package:flutter/src/widgets/framework.dart:5435:7)
#729    ProxyElement.update (package:flutter/src/widgets/framework.dart:6051:5)
#730    Element.updateChild (package:flutter/src/widgets/framework.dart:3982:15)
#731    ComponentElement.performRebuild (package:flutter/src/widgets/framework.dart:5747:16)
#732    Element.rebuild (package:flutter/src/widgets/framework.dart:5435:7)
#733    ProxyElement.update (package:flutter/src/widgets/framework.dart:6051:5)
#734    Element.updateChild (package:flutter/src/widgets/framework.dart:3982:15)
#735    _RawViewElement._updateChild (package:flutter/src/widgets/view.dart:481:16)
#736    _RawViewElement.update (package:flutter/src/widgets/view.dart:568:5)
#737    Element.updateChild (package:flutter/src/widgets/framework.dart:3982:15)
#738    ComponentElement.performRebuild (package:flutter/src/widgets/framework.dart:5747:16)
#739    Element.rebuild (package:flutter/src/widgets/framework.dart:5435:7)
#740    StatelessElement.update (package:flutter/src/widgets/framework.dart:5797:5)
#741    Element.updateChild (package:flutter/src/widgets/framework.dart:3982:15)
#742    ComponentElement.performRebuild (package:flutter/src/widgets/framework.dart:5747:16)
#743    StatefulElement.performRebuild (package:flutter/src/widgets/framework.dart:5884:11)
#744    Element.rebuild (package:flutter/src/widgets/framework.dart:5435:7)
#745    StatefulElement.update (package:flutter/src/widgets/framework.dart:5909:5)
#746    Element.updateChild (package:flutter/src/widgets/framework.dart:3982:15)
#747    RootElement._rebuild (package:flutter/src/widgets/binding.dart:1716:16)
#748    RootElement.update (package:flutter/src/widgets/binding.dart:1694:5)
#749    RootElement.performRebuild (package:flutter/src/widgets/binding.dart:1708:7)
#750    Element.rebuild (package:flutter/src/widgets/framework.dart:5435:7)
#751    BuildScope._tryRebuild (package:flutter/src/widgets/framework.dart:2695:15)
#752    BuildScope._flushDirtyElements (package:flutter/src/widgets/framework.dart:2752:11)
#753    BuildOwner.buildScope (package:flutter/src/widgets/framework.dart:3056:18)
#754    AutomatedTestWidgetsFlutterBinding.drawFrame (package:flutter_test/src/binding.dart:1506:19)
#755    RendererBinding._handlePersistentFrameCallback (package:flutter/src/rendering/binding.dart:495:5)
#756    SchedulerBinding._invokeFrameCallback (package:flutter/src/scheduler/binding.dart:1434:15)
#757    SchedulerBinding.handleDrawFrame (package:flutter/src/scheduler/binding.dart:1347:9)
#758    AutomatedTestWidgetsFlutterBinding.pump.<anonymous closure> (package:flutter_test/src/binding.dart:1335:9)
#761    TestAsyncUtils.guard (package:flutter_test/src/test_async_utils.dart:74:41)
#762    AutomatedTestWidgetsFlutterBinding.pump (package:flutter_test/src/binding.dart:1324:27)
#763    WidgetTester.pumpWidget.<anonymous closure> (package:flutter_test/src/widget_tester.dart:598:22)
#766    TestAsyncUtils.guard (package:flutter_test/src/test_async_utils.dart:74:41)
#767    WidgetTester.pumpWidget (package:flutter_test/src/widget_tester.dart:595:27)
#768    main.<anonymous closure> (file:///C:/Users/user/AndroidStudioProjects/profit_king/test/widget_test.dart:15:18)
#769    testWidgets.<anonymous closure>.<anonymous closure> (package:flutter_test/src/widget_tester.dart:192:29)
<asynchronous suspension>
#770    TestWidgetsFlutterBinding._runTestBody (package:flutter_test/src/binding.dart:1059:5)
<asynchronous suspension>
<asynchronous suspension>
(elided 7 frames from class _AssertionError, dart:async, and package:stack_trace)

????????????????????????????????????????????????????????????????????????????????????????????????????
????EXCEPTION CAUGHT BY FLUTTER TEST FRAMEWORK ??????????????????????????????????????????????????????The following TestFailure was thrown running a test:
Expected: at least one matching candidate
  Actual: _TextWidgetFinder:<Found 0 widgets with text "?脣??Leaderboard": []>
   Which: means none were found but some were expected

When the exception was thrown, this was the stack:
#4      main.<anonymous closure> (file:///C:/Users/user/AndroidStudioProjects/profit_king/test/widget_test.dart:16:5)
<asynchronous suspension>
#5      testWidgets.<anonymous closure>.<anonymous closure> (package:flutter_test/src/widget_tester.dart:192:15)
<asynchronous suspension>
#6      TestWidgetsFlutterBinding._runTestBody (package:flutter_test/src/binding.dart:1059:5)
<asynchronous suspension>
<asynchronous suspension>
(elided one frame from package:stack_trace)

This was caught by the test expectation on the following line:
  file:///C:/Users/user/AndroidStudioProjects/profit_king/test/widget_test.dart line 16
The test description was:
  App smoke test
????????????????????????????????????????????????????????????????????????????????????????????????????
????EXCEPTION CAUGHT BY FLUTTER TEST FRAMEWORK ??????????????????????????????????????????????????????The following message was thrown:
Multiple exceptions (2) were detected during the running of the current test, and at least one was
unexpected.
????????????????????????????????????????????????????????????????????????????????????????????????????
00:00 +0 -1: App smoke test [E]
  Test failed. See exception logs above.
  The test description was: App smoke test
  
00:00 +0 -1: Some tests failed.
